  10/100 docs done
  20/100 docs done
  30/100 docs done
  40/100 docs done
  50/100 docs done
  60/100 docs done
  70/100 docs done
  80/100 docs done
  90/100 docs done
  100/100 docs done

=== CHOI SYNTHETIC BENCHMARK (100 docs) ===
Method             Pk       WD  (lower=better)
--------------------------------
texttiling     0.3902   0.3951
c99            0.5040   0.5557
cosine         0.3295   0.4232
bert_seg       0.3948   0.4755
two_stage      0.3300   0.4221

Published Choi 2000 numbers (on Choi synthetic, 3-11 segs):
  c99:        Pk ~0.12
  texttiling: Pk ~0.46

Saved to G:\THESIS\PreThesis2_TopicSegmentation\results\eval_choi_benchmark.json
