Shot detection: 0/30 done, 30 remaining
  OK 7K1sB05pE0A: 0 shots in 107s
  OK 8yT4RZy1t3s: 224 shots in 130s
  OK 9N1MxkbFhsc: 18 shots in 50s
  OK AMl6E4cLrwE: 4 shots in 51s
  OK D8RRq3TbtHU: 22 shots in 2417s
  OK GR63MMAi-fs: 0 shots in 7s
  OK HtSuA80QTyo: 0 shots in 93s
  OK Hy7ou5R_vjE: 0 shots in 67s
  OK JP7ITIXGpHk: 80 shots in 97s
  OK KNwMiydCYA4: 16 shots in 3250s
  OK KOKnWaLiL8w: 0 shots in 76s
  OK KlVHqq38KJU: 90 shots in 189s
  OK MGyygiXMzRk: 205 shots in 176s
  SKIP NK-BxowMIfg (no mp4)
  OK NNnIGh9g6fA: 6 shots in 80s
  OK Ns6GB4Dph9U: 0 shots in 91s
  OK Qw4l1w0rkjs: 281 shots in 180s
  OK Rl0ludWTLxs: 90 shots in 138s
  OK S7TUe5w6RHo: 11 shots in 3534s
  OK TjZBTDzGeGg: 100 shots in 121s
  OK YdOXS_9_P4U: 76 shots in 745s
  OK fsLh-NYhOoU: 55 shots in 1537s
  OK j0wJBEZdwLs: 21 shots in 728s
  SKIP jGwO_UgTS7I (no mp4)
  SKIP lUUte2o2Sn8 (no mp4)
  OK oOya3cFmAMc: 186 shots in 346s
  OK oqRU2So6Z2Y: 154 shots in 132s
  OK uK2eFv7ne_Q: 0 shots in 60s
  OK uO5k9xcD1gU: 0 shots in 55s
  OK zNVQfWC_evg: 239 shots in 369s
Shot detection COMPLETE
